mode: set
github.com/norman6464/devsync/backend/internal/service/activity_report.go:14.105,16.2 1 0
github.com/norman6464/devsync/backend/internal/service/activity_report.go:19.93,21.2 1 0
github.com/norman6464/devsync/backend/internal/service/activity_report.go:24.94,26.2 1 0
github.com/norman6464/devsync/backend/internal/service/activity_report.go:29.120,31.2 1 0
github.com/norman6464/devsync/backend/internal/service/answer.go:15.140,17.2 1 1
github.com/norman6464/devsync/backend/internal/service/answer.go:20.82,22.2 1 0
github.com/norman6464/devsync/backend/internal/service/answer.go:25.60,26.70 1 1
github.com/norman6464/devsync/backend/internal/service/answer.go:26.70,28.3 1 1
github.com/norman6464/devsync/backend/internal/service/answer.go:29.2,29.36 1 1
github.com/norman6464/devsync/backend/internal/service/answer.go:33.91,35.16 2 1
github.com/norman6464/devsync/backend/internal/service/answer.go:35.16,37.3 1 0
github.com/norman6464/devsync/backend/internal/service/answer.go:38.2,38.29 1 1
github.com/norman6464/devsync/backend/internal/service/answer.go:38.29,40.3 1 1
github.com/norman6464/devsync/backend/internal/service/answer.go:41.2,42.52 2 1
github.com/norman6464/devsync/backend/internal/service/answer.go:42.52,44.3 1 0
github.com/norman6464/devsync/backend/internal/service/answer.go:45.2,45.20 1 1
github.com/norman6464/devsync/backend/internal/service/answer.go:49.61,51.16 2 1
github.com/norman6464/devsync/backend/internal/service/answer.go:51.16,53.3 1 0
github.com/norman6464/devsync/backend/internal/service/answer.go:54.2,54.29 1 1
github.com/norman6464/devsync/backend/internal/service/answer.go:54.29,56.3 1 1
github.com/norman6464/devsync/backend/internal/service/answer.go:57.2,57.36 1 1
github.com/norman6464/devsync/backend/internal/service/answer.go:61.80,63.16 2 1
github.com/norman6464/devsync/backend/internal/service/answer.go:63.16,65.3 1 1
github.com/norman6464/devsync/backend/internal/service/answer.go:66.2,66.31 1 1
github.com/norman6464/devsync/backend/internal/service/answer.go:66.31,68.3 1 1
github.com/norman6464/devsync/backend/internal/service/answer.go:70.2,71.16 2 1
github.com/norman6464/devsync/backend/internal/service/answer.go:71.16,73.3 1 0
github.com/norman6464/devsync/backend/internal/service/answer.go:74.2,74.37 1 1
github.com/norman6464/devsync/backend/internal/service/answer.go:74.37,76.3 1 1
github.com/norman6464/devsync/backend/internal/service/answer.go:78.2,78.57 1 1
github.com/norman6464/devsync/backend/internal/service/answer.go:82.70,84.2 1 1
github.com/norman6464/devsync/backend/internal/service/answer.go:87.65,89.2 1 1
github.com/norman6464/devsync/backend/internal/service/answer.go:92.91,94.2 1 0
github.com/norman6464/devsync/backend/internal/service/auth.go:21.160,27.2 1 1
github.com/norman6464/devsync/backend/internal/service/auth.go:45.76,47.21 2 1
github.com/norman6464/devsync/backend/internal/service/auth.go:47.21,49.3 1 1
github.com/norman6464/devsync/backend/internal/service/auth.go:51.2,52.16 2 1
github.com/norman6464/devsync/backend/internal/service/auth.go:52.16,54.3 1 0
github.com/norman6464/devsync/backend/internal/service/auth.go:56.2,62.48 2 1
github.com/norman6464/devsync/backend/internal/service/auth.go:62.48,64.3 1 0
github.com/norman6464/devsync/backend/internal/service/auth.go:66.2,67.16 2 1
github.com/norman6464/devsync/backend/internal/service/auth.go:67.16,69.3 1 0
github.com/norman6464/devsync/backend/internal/service/auth.go:71.2,71.54 1 1
github.com/norman6464/devsync/backend/internal/service/auth.go:74.70,76.16 2 1
github.com/norman6464/devsync/backend/internal/service/auth.go:76.16,78.3 1 1
github.com/norman6464/devsync/backend/internal/service/auth.go:80.2,80.101 1 1
github.com/norman6464/devsync/backend/internal/service/auth.go:80.101,82.3 1 1
github.com/norman6464/devsync/backend/internal/service/auth.go:84.2,85.16 2 1
github.com/norman6464/devsync/backend/internal/service/auth.go:85.16,87.3 1 0
github.com/norman6464/devsync/backend/internal/service/auth.go:89.2,89.54 1 1
github.com/norman6464/devsync/backend/internal/service/auth.go:92.71,93.83 1 1
github.com/norman6464/devsync/backend/internal/service/auth.go:93.83,94.58 1 1
github.com/norman6464/devsync/backend/internal/service/auth.go:94.58,96.4 1 0
github.com/norman6464/devsync/backend/internal/service/auth.go:97.3,97.26 1 1
github.com/norman6464/devsync/backend/internal/service/auth.go:99.2,99.16 1 1
github.com/norman6464/devsync/backend/internal/service/auth.go:99.16,101.3 1 1
github.com/norman6464/devsync/backend/internal/service/auth.go:103.2,104.25 2 1
github.com/norman6464/devsync/backend/internal/service/auth.go:104.25,106.3 1 0
github.com/norman6464/devsync/backend/internal/service/auth.go:108.2,109.9 2 1
github.com/norman6464/devsync/backend/internal/service/auth.go:109.9,111.3 1 0
github.com/norman6464/devsync/backend/internal/service/auth.go:113.2,113.26 1 1
github.com/norman6464/devsync/backend/internal/service/auth.go:116.60,123.2 3 1
github.com/norman6464/devsync/backend/internal/service/auth.go:125.62,126.77 1 1
github.com/norman6464/devsync/backend/internal/service/auth.go:126.77,128.3 1 1
github.com/norman6464/devsync/backend/internal/service/auth.go:129.2,129.16 1 1
github.com/norman6464/devsync/backend/internal/service/auth.go:129.16,131.3 1 1
github.com/norman6464/devsync/backend/internal/service/auth.go:132.2,133.25 2 1
github.com/norman6464/devsync/backend/internal/service/auth.go:133.25,135.3 1 0
github.com/norman6464/devsync/backend/internal/service/auth.go:136.2,137.31 2 1
github.com/norman6464/devsync/backend/internal/service/auth.go:137.31,139.3 1 0
github.com/norman6464/devsync/backend/internal/service/auth.go:140.2,140.12 1 1
github.com/norman6464/devsync/backend/internal/service/auth.go:143.102,146.31 2 1
github.com/norman6464/devsync/backend/internal/service/auth.go:146.31,149.29 3 1
github.com/norman6464/devsync/backend/internal/service/auth.go:149.29,151.4 1 1
github.com/norman6464/devsync/backend/internal/service/auth.go:152.3,155.17 3 1
github.com/norman6464/devsync/backend/internal/service/auth.go:155.17,157.4 1 0
github.com/norman6464/devsync/backend/internal/service/auth.go:158.3,158.55 1 1
github.com/norman6464/devsync/backend/internal/service/auth.go:162.2,162.24 1 1
github.com/norman6464/devsync/backend/internal/service/auth.go:162.24,164.32 2 1
github.com/norman6464/devsync/backend/internal/service/auth.go:164.32,169.28 5 1
github.com/norman6464/devsync/backend/internal/service/auth.go:169.28,171.5 1 1
github.com/norman6464/devsync/backend/internal/service/auth.go:172.4,175.18 3 1
github.com/norman6464/devsync/backend/internal/service/auth.go:175.18,177.5 1 0
github.com/norman6464/devsync/backend/internal/service/auth.go:178.4,178.56 1 1
github.com/norman6464/devsync/backend/internal/service/auth.go:183.2,184.16 2 1
github.com/norman6464/devsync/backend/internal/service/auth.go:184.16,186.3 1 1
github.com/norman6464/devsync/backend/internal/service/auth.go:187.2,188.17 2 1
github.com/norman6464/devsync/backend/internal/service/auth.go:188.17,190.3 1 1
github.com/norman6464/devsync/backend/internal/service/auth.go:192.2,202.51 2 1
github.com/norman6464/devsync/backend/internal/service/auth.go:202.51,204.3 1 0
github.com/norman6464/devsync/backend/internal/service/auth.go:206.2,207.16 2 1
github.com/norman6464/devsync/backend/internal/service/auth.go:207.16,209.3 1 0
github.com/norman6464/devsync/backend/internal/service/auth.go:210.2,210.57 1 1
github.com/norman6464/devsync/backend/internal/service/auth.go:213.71,221.2 3 1
github.com/norman6464/devsync/backend/internal/service/auth.go:223.70,224.77 1 1
github.com/norman6464/devsync/backend/internal/service/auth.go:224.77,226.3 1 1
github.com/norman6464/devsync/backend/internal/service/auth.go:227.2,227.16 1 1
github.com/norman6464/devsync/backend/internal/service/auth.go:227.16,229.3 1 1
github.com/norman6464/devsync/backend/internal/service/auth.go:231.2,232.25 2 1
github.com/norman6464/devsync/backend/internal/service/auth.go:232.25,234.3 1 0
github.com/norman6464/devsync/backend/internal/service/auth.go:236.2,237.30 2 1
github.com/norman6464/devsync/backend/internal/service/auth.go:237.30,239.3 1 0
github.com/norman6464/devsync/backend/internal/service/auth.go:241.2,242.9 2 1
github.com/norman6464/devsync/backend/internal/service/auth.go:242.9,244.3 1 0
github.com/norman6464/devsync/backend/internal/service/auth.go:246.2,246.26 1 1
github.com/norman6464/devsync/backend/internal/service/auth.go:250.63,252.2 1 1
github.com/norman6464/devsync/backend/internal/service/auth.go:255.73,257.16 2 1
github.com/norman6464/devsync/backend/internal/service/auth.go:257.16,259.3 1 1
github.com/norman6464/devsync/backend/internal/service/auth.go:262.2,262.25 1 1
github.com/norman6464/devsync/backend/internal/service/auth.go:262.25,263.21 1 1
github.com/norman6464/devsync/backend/internal/service/auth.go:263.21,265.4 1 1
github.com/norman6464/devsync/backend/internal/service/auth.go:266.3,266.96 1 1
github.com/norman6464/devsync/backend/internal/service/auth.go:266.96,268.4 1 1
github.com/norman6464/devsync/backend/internal/service/auth.go:271.2,271.49 1 1
github.com/norman6464/devsync/backend/internal/service/auth.go:275.74,277.16 2 1
github.com/norman6464/devsync/backend/internal/service/auth.go:277.16,280.3 1 1
github.com/norman6464/devsync/backend/internal/service/auth.go:283.2,287.49 3 1
github.com/norman6464/devsync/backend/internal/service/auth.go:287.49,289.3 1 0
github.com/norman6464/devsync/backend/internal/service/auth.go:290.2,298.63 3 1
github.com/norman6464/devsync/backend/internal/service/auth.go:298.63,300.3 1 0
github.com/norman6464/devsync/backend/internal/service/auth.go:302.2,302.19 1 1
github.com/norman6464/devsync/backend/internal/service/auth.go:306.77,308.16 2 1
github.com/norman6464/devsync/backend/internal/service/auth.go:308.16,310.3 1 1
github.com/norman6464/devsync/backend/internal/service/auth.go:312.2,312.27 1 1
github.com/norman6464/devsync/backend/internal/service/auth.go:312.27,314.3 1 1
github.com/norman6464/devsync/backend/internal/service/auth.go:316.2,317.16 2 1
github.com/norman6464/devsync/backend/internal/service/auth.go:317.16,319.3 1 0
github.com/norman6464/devsync/backend/internal/service/auth.go:321.2,321.93 1 1
github.com/norman6464/devsync/backend/internal/service/auth.go:321.93,323.3 1 0
github.com/norman6464/devsync/backend/internal/service/auth.go:325.2,326.12 2 1
github.com/norman6464/devsync/backend/internal/service/auth.go:329.66,337.2 3 1
github.com/norman6464/devsync/backend/internal/service/badge.go:40.91,42.2 1 0
github.com/norman6464/devsync/backend/internal/service/badge.go:45.74,47.16 2 0
github.com/norman6464/devsync/backend/internal/service/badge.go:47.16,49.3 1 0
github.com/norman6464/devsync/backend/internal/service/badge.go:50.2,50.37 1 0
github.com/norman6464/devsync/backend/internal/service/badge.go:54.77,62.2 2 0
github.com/norman6464/devsync/backend/internal/service/badge.go:65.72,73.16 4 0
github.com/norman6464/devsync/backend/internal/service/badge.go:73.16,75.3 1 0
github.com/norman6464/devsync/backend/internal/service/badge.go:76.2,98.16 9 0
github.com/norman6464/devsync/backend/internal/service/badge.go:98.16,100.3 1 0
github.com/norman6464/devsync/backend/internal/service/badge.go:102.2,102.19 1 0
github.com/norman6464/devsync/backend/internal/service/badge.go:106.66,113.16 4 0
github.com/norman6464/devsync/backend/internal/service/badge.go:113.16,115.3 1 0
github.com/norman6464/devsync/backend/internal/service/badge.go:116.2,116.29 1 0
github.com/norman6464/devsync/backend/internal/service/badge.go:116.29,118.3 1 0
github.com/norman6464/devsync/backend/internal/service/badge.go:120.2,120.48 1 0
github.com/norman6464/devsync/backend/internal/service/badge.go:120.48,122.3 1 0
github.com/norman6464/devsync/backend/internal/service/badge.go:124.2,127.34 3 0
github.com/norman6464/devsync/backend/internal/service/badge.go:127.34,132.39 4 0
github.com/norman6464/devsync/backend/internal/service/badge.go:132.39,134.4 1 0
github.com/norman6464/devsync/backend/internal/service/badge.go:134.9,135.9 1 0
github.com/norman6464/devsync/backend/internal/service/badge.go:139.2,139.20 1 0
github.com/norman6464/devsync/backend/internal/service/badge.go:143.77,148.16 3 0
github.com/norman6464/devsync/backend/internal/service/badge.go:148.16,150.3 1 0
github.com/norman6464/devsync/backend/internal/service/badge.go:151.2,151.21 1 0
github.com/norman6464/devsync/backend/internal/service/badge.go:151.21,153.3 1 0
github.com/norman6464/devsync/backend/internal/service/badge.go:155.2,155.40 1 0
github.com/norman6464/devsync/backend/internal/service/badge.go:155.40,157.3 1 0
github.com/norman6464/devsync/backend/internal/service/badge.go:159.2,163.33 4 0
github.com/norman6464/devsync/backend/internal/service/badge.go:163.33,165.3 1 0
github.com/norman6464/devsync/backend/internal/service/badge.go:167.2,168.34 2 0
github.com/norman6464/devsync/backend/internal/service/badge.go:168.34,172.50 4 0
github.com/norman6464/devsync/backend/internal/service/badge.go:172.50,174.4 1 0
github.com/norman6464/devsync/backend/internal/service/badge.go:174.9,175.9 1 0
github.com/norman6464/devsync/backend/internal/service/badge.go:179.2,179.20 1 0
github.com/norman6464/devsync/backend/internal/service/badge.go:183.72,185.46 2 0
github.com/norman6464/devsync/backend/internal/service/badge.go:185.46,187.3 1 0
github.com/norman6464/devsync/backend/internal/service/badge.go:189.2,221.3 1 0
github.com/norman6464/devsync/backend/internal/service/book_review.go:14.93,16.2 1 1
github.com/norman6464/devsync/backend/internal/service/book_review.go:19.68,21.2 1 0
github.com/norman6464/devsync/backend/internal/service/book_review.go:24.73,26.2 1 0
github.com/norman6464/devsync/backend/internal/service/book_review.go:29.82,31.2 1 0
github.com/norman6464/devsync/backend/internal/service/book_review.go:34.90,36.2 1 0
github.com/norman6464/devsync/backend/internal/service/book_review.go:39.107,41.16 2 1
github.com/norman6464/devsync/backend/internal/service/book_review.go:41.16,43.3 1 1
github.com/norman6464/devsync/backend/internal/service/book_review.go:44.2,44.29 1 1
github.com/norman6464/devsync/backend/internal/service/book_review.go:44.29,46.3 1 1
github.com/norman6464/devsync/backend/internal/service/book_review.go:48.2,48.25 1 1
github.com/norman6464/devsync/backend/internal/service/book_review.go:48.25,50.3 1 1
github.com/norman6464/devsync/backend/internal/service/book_review.go:51.2,51.26 1 1
github.com/norman6464/devsync/backend/internal/service/book_review.go:51.26,53.3 1 0
github.com/norman6464/devsync/backend/internal/service/book_review.go:54.2,54.24 1 1
github.com/norman6464/devsync/backend/internal/service/book_review.go:54.24,56.3 1 0
github.com/norman6464/devsync/backend/internal/service/book_review.go:57.2,57.25 1 1
github.com/norman6464/devsync/backend/internal/service/book_review.go:57.25,59.3 1 1
github.com/norman6464/devsync/backend/internal/service/book_review.go:60.2,60.26 1 1
github.com/norman6464/devsync/backend/internal/service/book_review.go:60.26,62.3 1 0
github.com/norman6464/devsync/backend/internal/service/book_review.go:63.2,63.28 1 1
github.com/norman6464/devsync/backend/internal/service/book_review.go:63.28,65.3 1 0
github.com/norman6464/devsync/backend/internal/service/book_review.go:67.2,67.46 1 1
github.com/norman6464/devsync/backend/internal/service/book_review.go:67.46,69.3 1 0
github.com/norman6464/devsync/backend/internal/service/book_review.go:70.2,70.20 1 1
github.com/norman6464/devsync/backend/internal/service/book_review.go:74.59,76.16 2 1
github.com/norman6464/devsync/backend/internal/service/book_review.go:76.16,78.3 1 0
github.com/norman6464/devsync/backend/internal/service/book_review.go:79.2,79.29 1 1
github.com/norman6464/devsync/backend/internal/service/book_review.go:79.29,81.3 1 1
github.com/norman6464/devsync/backend/internal/service/book_review.go:82.2,82.26 1 1
github.com/norman6464/devsync/backend/internal/service/chat_room.go:18.157,20.2 1 1
github.com/norman6464/devsync/backend/internal/service/chat_room.go:23.99,24.48 1 1
github.com/norman6464/devsync/backend/internal/service/chat_room.go:24.48,26.3 1 0
github.com/norman6464/devsync/backend/internal/service/chat_room.go:29.2,29.68 1 1
github.com/norman6464/devsync/backend/internal/service/chat_room.go:29.68,31.3 1 0
github.com/norman6464/devsync/backend/internal/service/chat_room.go:34.2,34.37 1 1
github.com/norman6464/devsync/backend/internal/service/chat_room.go:34.37,35.31 1 1
github.com/norman6464/devsync/backend/internal/service/chat_room.go:35.31,37.4 1 1
github.com/norman6464/devsync/backend/internal/service/chat_room.go:41.2,42.16 2 1
github.com/norman6464/devsync/backend/internal/service/chat_room.go:42.16,44.3 1 0
github.com/norman6464/devsync/backend/internal/service/chat_room.go:45.2,45.21 1 1
github.com/norman6464/devsync/backend/internal/service/chat_room.go:49.78,51.2 1 0
github.com/norman6464/devsync/backend/internal/service/chat_room.go:54.81,56.29 2 1
github.com/norman6464/devsync/backend/internal/service/chat_room.go:56.29,58.3 1 1
github.com/norman6464/devsync/backend/internal/service/chat_room.go:60.2,60.36 1 1
github.com/norman6464/devsync/backend/internal/service/chat_room.go:64.106,66.16 2 1
github.com/norman6464/devsync/backend/internal/service/chat_room.go:66.16,68.3 1 0
github.com/norman6464/devsync/backend/internal/service/chat_room.go:69.2,69.28 1 1
github.com/norman6464/devsync/backend/internal/service/chat_room.go:69.28,71.3 1 1
github.com/norman6464/devsync/backend/internal/service/chat_room.go:73.2,73.16 1 1
github.com/norman6464/devsync/backend/internal/service/chat_room.go:73.16,75.3 1 1
github.com/norman6464/devsync/backend/internal/service/chat_room.go:76.2,78.48 2 1
github.com/norman6464/devsync/backend/internal/service/chat_room.go:78.48,80.3 1 0
github.com/norman6464/devsync/backend/internal/service/chat_room.go:81.2,81.18 1 1
github.com/norman6464/devsync/backend/internal/service/chat_room.go:85.61,87.16 2 1
github.com/norman6464/devsync/backend/internal/service/chat_room.go:87.16,89.3 1 0
github.com/norman6464/devsync/backend/internal/service/chat_room.go:90.2,90.28 1 1
github.com/norman6464/devsync/backend/internal/service/chat_room.go:90.28,92.3 1 1
github.com/norman6464/devsync/backend/internal/service/chat_room.go:93.2,93.34 1 1
github.com/norman6464/devsync/backend/internal/service/chat_room.go:97.91,99.29 2 0
github.com/norman6464/devsync/backend/internal/service/chat_room.go:99.29,101.3 1 0
github.com/norman6464/devsync/backend/internal/service/chat_room.go:102.2,102.38 1 0
github.com/norman6464/devsync/backend/internal/service/chat_room.go:106.78,108.29 2 1
github.com/norman6464/devsync/backend/internal/service/chat_room.go:108.29,110.3 1 1
github.com/norman6464/devsync/backend/internal/service/chat_room.go:111.2,111.51 1 1
github.com/norman6464/devsync/backend/internal/service/chat_room.go:116.81,118.16 2 1
github.com/norman6464/devsync/backend/internal/service/chat_room.go:118.16,120.3 1 0
github.com/norman6464/devsync/backend/internal/service/chat_room.go:121.2,121.54 1 1
github.com/norman6464/devsync/backend/internal/service/chat_room.go:121.54,123.3 1 1
github.com/norman6464/devsync/backend/internal/service/chat_room.go:124.2,124.54 1 1
github.com/norman6464/devsync/backend/internal/service/chat_room.go:128.107,130.29 2 1
github.com/norman6464/devsync/backend/internal/service/chat_room.go:130.29,132.3 1 1
github.com/norman6464/devsync/backend/internal/service/chat_room.go:133.2,133.56 1 1
github.com/norman6464/devsync/backend/internal/service/chat_room.go:137.105,139.29 2 0
github.com/norman6464/devsync/backend/internal/service/chat_room.go:139.29,141.3 1 0
github.com/norman6464/devsync/backend/internal/service/chat_room.go:143.2,148.50 2 0
github.com/norman6464/devsync/backend/internal/service/chat_room.go:148.50,150.3 1 0
github.com/norman6464/devsync/backend/internal/service/chat_room.go:153.2,157.12 3 0
github.com/norman6464/devsync/backend/internal/service/chat_room.go:157.12,167.3 3 0
github.com/norman6464/devsync/backend/internal/service/chat_room.go:169.2,169.17 1 0
github.com/norman6464/devsync/backend/internal/service/chat_room.go:173.71,175.2 1 0
github.com/norman6464/devsync/backend/internal/service/follow.go:14.81,16.2 1 1
github.com/norman6464/devsync/backend/internal/service/follow.go:19.67,20.30 1 1
github.com/norman6464/devsync/backend/internal/service/follow.go:20.30,22.3 1 1
github.com/norman6464/devsync/backend/internal/service/follow.go:23.2,23.46 1 1
github.com/norman6464/devsync/backend/internal/service/follow.go:27.69,29.2 1 1
github.com/norman6464/devsync/backend/internal/service/follow.go:32.71,34.2 1 1
github.com/norman6464/devsync/backend/internal/service/follow.go:37.73,39.2 1 1
github.com/norman6464/devsync/backend/internal/service/follow.go:42.73,44.2 1 1
github.com/norman6464/devsync/backend/internal/service/github.go:22.152,24.2 1 0
github.com/norman6464/devsync/backend/internal/service/github.go:26.58,31.2 1 0
github.com/norman6464/devsync/backend/internal/service/github.go:33.63,38.2 1 0
github.com/norman6464/devsync/backend/internal/service/github.go:40.67,52.16 6 0
github.com/norman6464/devsync/backend/internal/service/github.go:52.16,54.3 1 0
github.com/norman6464/devsync/backend/internal/service/github.go:55.2,61.67 3 0
github.com/norman6464/devsync/backend/internal/service/github.go:61.67,63.3 1 0
github.com/norman6464/devsync/backend/internal/service/github.go:64.2,64.24 1 0
github.com/norman6464/devsync/backend/internal/service/github.go:64.24,66.3 1 0
github.com/norman6464/devsync/backend/internal/service/github.go:67.2,67.32 1 0
github.com/norman6464/devsync/backend/internal/service/github.go:78.78,84.16 5 0
github.com/norman6464/devsync/backend/internal/service/github.go:84.16,86.3 1 0
github.com/norman6464/devsync/backend/internal/service/github.go:87.2,90.65 3 0
github.com/norman6464/devsync/backend/internal/service/github.go:90.65,92.3 1 0
github.com/norman6464/devsync/backend/internal/service/github.go:95.2,95.22 1 0
github.com/norman6464/devsync/backend/internal/service/github.go:95.22,97.3 1 0
github.com/norman6464/devsync/backend/internal/service/github.go:99.2,99.19 1 0
github.com/norman6464/devsync/backend/internal/service/github.go:102.64,108.16 5 0
github.com/norman6464/devsync/backend/internal/service/github.go:108.16,110.3 1 0
github.com/norman6464/devsync/backend/internal/service/github.go:111.2,118.41 3 0
github.com/norman6464/devsync/backend/internal/service/github.go:118.41,118.84 2 0
github.com/norman6464/devsync/backend/internal/service/github.go:118.109,120.3 1 0
github.com/norman6464/devsync/backend/internal/service/github.go:121.2,121.27 1 0
github.com/norman6464/devsync/backend/internal/service/github.go:121.27,122.30 1 0
github.com/norman6464/devsync/backend/internal/service/github.go:122.30,124.4 1 0
github.com/norman6464/devsync/backend/internal/service/github.go:126.2,126.11 1 0
github.com/norman6464/devsync/backend/internal/service/github.go:129.58,130.28 1 0
github.com/norman6464/devsync/backend/internal/service/github.go:130.28,132.3 1 0
github.com/norman6464/devsync/backend/internal/service/github.go:135.2,135.50 1 0
github.com/norman6464/devsync/backend/internal/service/github.go:135.50,137.3 1 0
github.com/norman6464/devsync/backend/internal/service/github.go:140.2,140.54 1 0
github.com/norman6464/devsync/backend/internal/service/github.go:140.54,142.3 1 0
github.com/norman6464/devsync/backend/internal/service/github.go:144.2,144.12 1 0
github.com/norman6464/devsync/backend/internal/service/github.go:147.67,173.16 10 0
github.com/norman6464/devsync/backend/internal/service/github.go:173.16,175.3 1 0
github.com/norman6464/devsync/backend/internal/service/github.go:176.2,195.67 3 0
github.com/norman6464/devsync/backend/internal/service/github.go:195.67,197.3 1 0
github.com/norman6464/devsync/backend/internal/service/github.go:199.2,200.91 2 0
github.com/norman6464/devsync/backend/internal/service/github.go:200.91,201.45 1 0
github.com/norman6464/devsync/backend/internal/service/github.go:201.45,208.4 2 0
github.com/norman6464/devsync/backend/internal/service/github.go:211.2,211.56 1 0
github.com/norman6464/devsync/backend/internal/service/github.go:214.71,227.6 3 0
github.com/norman6464/devsync/backend/internal/service/github.go:227.6,234.17 6 0
github.com/norman6464/devsync/backend/internal/service/github.go:234.17,236.4 1 0
github.com/norman6464/devsync/backend/internal/service/github.go:238.3,251.54 4 0
github.com/norman6464/devsync/backend/internal/service/github.go:251.54,253.4 1 0
github.com/norman6464/devsync/backend/internal/service/github.go:254.3,254.22 1 0
github.com/norman6464/devsync/backend/internal/service/github.go:254.22,255.9 1 0
github.com/norman6464/devsync/backend/internal/service/github.go:257.3,258.23 2 0
github.com/norman6464/devsync/backend/internal/service/github.go:258.23,259.9 1 0
github.com/norman6464/devsync/backend/internal/service/github.go:261.3,261.9 1 0
github.com/norman6464/devsync/backend/internal/service/github.go:265.2,268.29 3 0
github.com/norman6464/devsync/backend/internal/service/github.go:268.29,281.23 2 0
github.com/norman6464/devsync/backend/internal/service/github.go:281.23,282.43 1 0
github.com/norman6464/devsync/backend/internal/service/github.go:282.43,284.5 1 0
github.com/norman6464/devsync/backend/internal/service/github.go:284.10,291.5 1 0
github.com/norman6464/devsync/backend/internal/service/github.go:295.2,295.61 1 0
github.com/norman6464/devsync/backend/internal/service/github.go:295.61,297.3 1 0
github.com/norman6464/devsync/backend/internal/service/github.go:300.2,301.27 2 0
github.com/norman6464/devsync/backend/internal/service/github.go:301.27,303.3 1 0
github.com/norman6464/devsync/backend/internal/service/github.go:304.2,304.29 1 0
github.com/norman6464/devsync/backend/internal/service/github.go:304.29,312.17 7 0
github.com/norman6464/devsync/backend/internal/service/github.go:312.17,313.12 1 0
github.com/norman6464/devsync/backend/internal/service/github.go:315.3,319.30 4 0
github.com/norman6464/devsync/backend/internal/service/github.go:319.30,320.37 1 0
github.com/norman6464/devsync/backend/internal/service/github.go:320.37,322.5 1 0
github.com/norman6464/devsync/backend/internal/service/github.go:322.10,329.5 1 0
github.com/norman6464/devsync/backend/internal/service/github.go:333.2,334.31 2 0
github.com/norman6464/devsync/backend/internal/service/github.go:334.31,336.3 1 0
github.com/norman6464/devsync/backend/internal/service/github.go:338.2,338.52 1 0
github.com/norman6464/devsync/backend/internal/service/github.go:342.78,344.16 2 0
github.com/norman6464/devsync/backend/internal/service/github.go:344.16,346.3 1 0
github.com/norman6464/devsync/backend/internal/service/github.go:348.2,349.16 2 0
github.com/norman6464/devsync/backend/internal/service/github.go:349.16,351.3 1 0
github.com/norman6464/devsync/backend/internal/service/github.go:353.2,354.16 2 0
github.com/norman6464/devsync/backend/internal/service/github.go:354.16,356.3 1 0
github.com/norman6464/devsync/backend/internal/service/github.go:358.2,362.26 5 0
github.com/norman6464/devsync/backend/internal/service/github.go:362.26,364.3 1 0
github.com/norman6464/devsync/backend/internal/service/github.go:366.2,366.48 1 0
github.com/norman6464/devsync/backend/internal/service/github.go:366.48,368.3 1 0
github.com/norman6464/devsync/backend/internal/service/github.go:370.2,371.12 2 0
github.com/norman6464/devsync/backend/internal/service/github.go:375.61,377.16 2 0
github.com/norman6464/devsync/backend/internal/service/github.go:377.16,379.3 1 0
github.com/norman6464/devsync/backend/internal/service/github.go:381.2,385.48 4 0
github.com/norman6464/devsync/backend/internal/service/github.go:385.48,387.3 1 0
github.com/norman6464/devsync/backend/internal/service/github.go:389.2,390.12 2 0
github.com/norman6464/devsync/backend/internal/service/github.go:394.57,396.16 2 0
github.com/norman6464/devsync/backend/internal/service/github.go:396.16,398.3 1 0
github.com/norman6464/devsync/backend/internal/service/github.go:399.2,399.25 1 0
github.com/norman6464/devsync/backend/internal/service/github.go:403.91,405.2 1 0
github.com/norman6464/devsync/backend/internal/service/github.go:408.87,410.2 1 0
github.com/norman6464/devsync/backend/internal/service/github.go:413.81,415.2 1 0
github.com/norman6464/devsync/backend/internal/service/learning_goal.go:16.99,18.2 1 1
github.com/norman6464/devsync/backend/internal/service/learning_goal.go:21.70,23.2 1 0
github.com/norman6464/devsync/backend/internal/service/learning_goal.go:26.77,28.2 1 0
github.com/norman6464/devsync/backend/internal/service/learning_goal.go:31.86,33.2 1 0
github.com/norman6464/devsync/backend/internal/service/learning_goal.go:36.92,38.2 1 0
github.com/norman6464/devsync/backend/internal/service/learning_goal.go:41.87,43.2 1 0
github.com/norman6464/devsync/backend/internal/service/learning_goal.go:46.113,48.16 2 1
github.com/norman6464/devsync/backend/internal/service/learning_goal.go:48.16,50.3 1 1
github.com/norman6464/devsync/backend/internal/service/learning_goal.go:51.2,51.27 1 1
github.com/norman6464/devsync/backend/internal/service/learning_goal.go:51.27,53.3 1 1
github.com/norman6464/devsync/backend/internal/service/learning_goal.go:55.2,55.25 1 1
github.com/norman6464/devsync/backend/internal/service/learning_goal.go:55.25,57.3 1 1
github.com/norman6464/devsync/backend/internal/service/learning_goal.go:58.2,58.31 1 1
github.com/norman6464/devsync/backend/internal/service/learning_goal.go:58.31,60.3 1 0
github.com/norman6464/devsync/backend/internal/service/learning_goal.go:61.2,61.28 1 1
github.com/norman6464/devsync/backend/internal/service/learning_goal.go:61.28,63.3 1 0
github.com/norman6464/devsync/backend/internal/service/learning_goal.go:64.2,64.31 1 1
github.com/norman6464/devsync/backend/internal/service/learning_goal.go:64.31,66.3 1 0
github.com/norman6464/devsync/backend/internal/service/learning_goal.go:67.2,67.27 1 1
github.com/norman6464/devsync/backend/internal/service/learning_goal.go:67.27,69.21 2 1
github.com/norman6464/devsync/backend/internal/service/learning_goal.go:69.21,71.4 1 1
github.com/norman6464/devsync/backend/internal/service/learning_goal.go:72.3,75.63 2 1
github.com/norman6464/devsync/backend/internal/service/learning_goal.go:75.63,79.4 3 1
github.com/norman6464/devsync/backend/internal/service/learning_goal.go:81.2,81.26 1 1
github.com/norman6464/devsync/backend/internal/service/learning_goal.go:81.26,83.74 2 1
github.com/norman6464/devsync/backend/internal/service/learning_goal.go:83.74,86.4 2 1
github.com/norman6464/devsync/backend/internal/service/learning_goal.go:89.2,89.44 1 1
github.com/norman6464/devsync/backend/internal/service/learning_goal.go:89.44,91.3 1 0
github.com/norman6464/devsync/backend/internal/service/learning_goal.go:92.2,92.18 1 1
github.com/norman6464/devsync/backend/internal/service/learning_goal.go:96.61,98.16 2 1
github.com/norman6464/devsync/backend/internal/service/learning_goal.go:98.16,100.3 1 0
github.com/norman6464/devsync/backend/internal/service/learning_goal.go:101.2,101.27 1 1
github.com/norman6464/devsync/backend/internal/service/learning_goal.go:101.27,103.3 1 1
github.com/norman6464/devsync/backend/internal/service/learning_goal.go:104.2,104.26 1 1
github.com/norman6464/devsync/backend/internal/service/learning_log.go:14.96,16.2 1 1
github.com/norman6464/devsync/backend/internal/service/learning_log.go:19.67,21.2 1 1
github.com/norman6464/devsync/backend/internal/service/learning_log.go:24.75,26.2 1 0
github.com/norman6464/devsync/backend/internal/service/learning_log.go:29.84,31.2 1 0
github.com/norman6464/devsync/backend/internal/service/learning_log.go:34.110,36.16 2 1
github.com/norman6464/devsync/backend/internal/service/learning_log.go:36.16,38.3 1 1
github.com/norman6464/devsync/backend/internal/service/learning_log.go:39.2,39.26 1 1
github.com/norman6464/devsync/backend/internal/service/learning_log.go:39.26,41.3 1 1
github.com/norman6464/devsync/backend/internal/service/learning_log.go:43.2,43.25 1 1
github.com/norman6464/devsync/backend/internal/service/learning_log.go:43.25,45.3 1 1
github.com/norman6464/devsync/backend/internal/service/learning_log.go:46.2,46.27 1 1
github.com/norman6464/devsync/backend/internal/service/learning_log.go:46.27,48.3 1 0
github.com/norman6464/devsync/backend/internal/service/learning_log.go:49.2,49.28 1 1
github.com/norman6464/devsync/backend/internal/service/learning_log.go:49.28,51.3 1 0
github.com/norman6464/devsync/backend/internal/service/learning_log.go:52.2,52.27 1 1
github.com/norman6464/devsync/backend/internal/service/learning_log.go:52.27,54.3 1 1
github.com/norman6464/devsync/backend/internal/service/learning_log.go:56.2,56.43 1 1
github.com/norman6464/devsync/backend/internal/service/learning_log.go:56.43,58.3 1 0
github.com/norman6464/devsync/backend/internal/service/learning_log.go:59.2,59.17 1 1
github.com/norman6464/devsync/backend/internal/service/learning_log.go:63.60,65.16 2 1
github.com/norman6464/devsync/backend/internal/service/learning_log.go:65.16,67.3 1 0
github.com/norman6464/devsync/backend/internal/service/learning_log.go:68.2,68.26 1 1
github.com/norman6464/devsync/backend/internal/service/learning_log.go:68.26,70.3 1 1
github.com/norman6464/devsync/backend/internal/service/learning_log.go:71.2,71.34 1 1
github.com/norman6464/devsync/backend/internal/service/learning_log.go:75.84,77.2 1 1
github.com/norman6464/devsync/backend/internal/service/learning_log.go:80.90,82.2 1 1
github.com/norman6464/devsync/backend/internal/service/learning_resource.go:14.111,16.2 1 1
github.com/norman6464/devsync/backend/internal/service/learning_resource.go:19.82,21.2 1 0
github.com/norman6464/devsync/backend/internal/service/learning_resource.go:24.93,26.16 2 1
github.com/norman6464/devsync/backend/internal/service/learning_resource.go:26.16,28.3 1 1
github.com/norman6464/devsync/backend/internal/service/learning_resource.go:31.2,31.53 1 1
github.com/norman6464/devsync/backend/internal/service/learning_resource.go:31.53,33.3 1 1
github.com/norman6464/devsync/backend/internal/service/learning_resource.go:35.2,35.22 1 1
github.com/norman6464/devsync/backend/internal/service/learning_resource.go:39.83,41.2 1 0
github.com/norman6464/devsync/backend/internal/service/learning_resource.go:44.83,46.2 1 0
github.com/norman6464/devsync/backend/internal/service/learning_resource.go:49.115,52.2 2 1
github.com/norman6464/devsync/backend/internal/service/learning_resource.go:55.134,57.2 1 0
github.com/norman6464/devsync/backend/internal/service/learning_resource.go:60.116,62.2 1 0
github.com/norman6464/devsync/backend/internal/service/learning_resource.go:65.125,67.16 2 1
github.com/norman6464/devsync/backend/internal/service/learning_resource.go:67.16,69.3 1 0
github.com/norman6464/devsync/backend/internal/service/learning_resource.go:70.2,70.31 1 1
github.com/norman6464/devsync/backend/internal/service/learning_resource.go:70.31,72.3 1 1
github.com/norman6464/devsync/backend/internal/service/learning_resource.go:74.2,74.25 1 1
github.com/norman6464/devsync/backend/internal/service/learning_resource.go:74.25,76.3 1 1
github.com/norman6464/devsync/backend/internal/service/learning_resource.go:77.2,77.31 1 1
github.com/norman6464/devsync/backend/internal/service/learning_resource.go:77.31,79.3 1 0
github.com/norman6464/devsync/backend/internal/service/learning_resource.go:80.2,80.23 1 1
github.com/norman6464/devsync/backend/internal/service/learning_resource.go:80.23,82.3 1 0
github.com/norman6464/devsync/backend/internal/service/learning_resource.go:83.2,83.28 1 1
github.com/norman6464/devsync/backend/internal/service/learning_resource.go:83.28,85.3 1 1
github.com/norman6464/devsync/backend/internal/service/learning_resource.go:86.2,86.30 1 1
github.com/norman6464/devsync/backend/internal/service/learning_resource.go:86.30,88.3 1 0
github.com/norman6464/devsync/backend/internal/service/learning_resource.go:89.2,89.24 1 1
github.com/norman6464/devsync/backend/internal/service/learning_resource.go:89.24,91.3 1 0
github.com/norman6464/devsync/backend/internal/service/learning_resource.go:92.2,92.28 1 1
github.com/norman6464/devsync/backend/internal/service/learning_resource.go:92.28,94.3 1 0
github.com/norman6464/devsync/backend/internal/service/learning_resource.go:96.2,96.48 1 1
github.com/norman6464/devsync/backend/internal/service/learning_resource.go:96.48,98.3 1 0
github.com/norman6464/devsync/backend/internal/service/learning_resource.go:99.2,99.22 1 1
github.com/norman6464/devsync/backend/internal/service/learning_resource.go:103.117,105.16 2 1
github.com/norman6464/devsync/backend/internal/service/learning_resource.go:105.16,107.3 1 0
github.com/norman6464/devsync/backend/internal/service/learning_resource.go:108.2,108.31 1 1
github.com/norman6464/devsync/backend/internal/service/learning_resource.go:108.31,110.3 1 1
github.com/norman6464/devsync/backend/internal/service/learning_resource.go:112.2,114.48 2 1
github.com/norman6464/devsync/backend/internal/service/learning_resource.go:114.48,116.3 1 0
github.com/norman6464/devsync/backend/internal/service/learning_resource.go:117.2,117.22 1 1
github.com/norman6464/devsync/backend/internal/service/learning_resource.go:121.65,123.16 2 1
github.com/norman6464/devsync/backend/internal/service/learning_resource.go:123.16,125.3 1 0
github.com/norman6464/devsync/backend/internal/service/learning_resource.go:126.2,126.31 1 1
github.com/norman6464/devsync/backend/internal/service/learning_resource.go:126.31,128.3 1 1
github.com/norman6464/devsync/backend/internal/service/learning_resource.go:129.2,129.26 1 1
github.com/norman6464/devsync/backend/internal/service/learning_resource.go:133.71,135.2 1 0
github.com/norman6464/devsync/backend/internal/service/learning_resource.go:138.73,140.2 1 0
github.com/norman6464/devsync/backend/internal/service/learning_resource.go:143.71,145.2 1 0
github.com/norman6464/devsync/backend/internal/service/learning_resource.go:148.73,150.2 1 0
github.com/norman6464/devsync/backend/internal/service/learning_resource.go:153.125,155.2 1 0
github.com/norman6464/devsync/backend/internal/service/message.go:15.126,17.2 1 1
github.com/norman6464/devsync/backend/internal/service/message.go:20.98,22.2 1 1
github.com/norman6464/devsync/backend/internal/service/message.go:25.110,30.2 2 1
github.com/norman6464/devsync/backend/internal/service/message.go:33.64,34.43 1 1
github.com/norman6464/devsync/backend/internal/service/message.go:34.43,36.3 1 0
github.com/norman6464/devsync/backend/internal/service/message.go:39.2,39.37 1 1
github.com/norman6464/devsync/backend/internal/service/message.go:39.37,46.3 2 1
github.com/norman6464/devsync/backend/internal/service/message.go:48.2,48.12 1 1
github.com/norman6464/devsync/backend/internal/service/message.go:52.70,54.2 1 1
github.com/norman6464/devsync/backend/internal/service/notification.go:14.99,16.2 1 1
github.com/norman6464/devsync/backend/internal/service/notification.go:19.128,21.2 1 0
github.com/norman6464/devsync/backend/internal/service/notification.go:24.98,26.2 1 0
github.com/norman6464/devsync/backend/internal/service/notification.go:29.71,31.2 1 1
github.com/norman6464/devsync/backend/internal/service/notification.go:34.65,36.2 1 0
github.com/norman6464/devsync/backend/internal/service/notification.go:39.64,41.2 1 1
github.com/norman6464/devsync/backend/internal/service/notification.go:44.61,46.2 1 0
github.com/norman6464/devsync/backend/internal/service/notification.go:49.115,51.41 2 1
github.com/norman6464/devsync/backend/internal/service/notification.go:51.41,53.3 1 1
github.com/norman6464/devsync/backend/internal/service/notification.go:54.2,55.41 2 1
github.com/norman6464/devsync/backend/internal/service/notification.go:55.41,62.3 1 1
github.com/norman6464/devsync/backend/internal/service/notification.go:63.2,63.35 1 1
github.com/norman6464/devsync/backend/internal/service/notification.go:67.90,69.2 1 1
github.com/norman6464/devsync/backend/internal/service/notification.go:72.86,74.2 1 0
github.com/norman6464/devsync/backend/internal/service/post.go:15.117,17.2 1 1
github.com/norman6464/devsync/backend/internal/service/post.go:20.69,21.44 1 1
github.com/norman6464/devsync/backend/internal/service/post.go:21.44,23.3 1 0
github.com/norman6464/devsync/backend/internal/service/post.go:26.2,30.16 3 1
github.com/norman6464/devsync/backend/internal/service/post.go:30.16,32.3 1 0
github.com/norman6464/devsync/backend/internal/service/post.go:33.2,33.21 1 1
github.com/norman6464/devsync/backend/internal/service/post.go:37.61,39.2 1 0
github.com/norman6464/devsync/backend/internal/service/post.go:42.69,44.2 1 0
github.com/norman6464/devsync/backend/internal/service/post.go:47.70,49.2 1 0
github.com/norman6464/devsync/backend/internal/service/post.go:52.84,54.2 1 0
github.com/norman6464/devsync/backend/internal/service/post.go:57.91,59.16 2 1
github.com/norman6464/devsync/backend/internal/service/post.go:59.16,61.3 1 0
github.com/norman6464/devsync/backend/internal/service/post.go:62.2,62.27 1 1
github.com/norman6464/devsync/backend/internal/service/post.go:62.27,64.3 1 1
github.com/norman6464/devsync/backend/internal/service/post.go:66.2,66.17 1 1
github.com/norman6464/devsync/backend/internal/service/post.go:66.17,68.3 1 1
github.com/norman6464/devsync/backend/internal/service/post.go:69.2,69.19 1 1
github.com/norman6464/devsync/backend/internal/service/post.go:69.19,71.3 1 1
github.com/norman6464/devsync/backend/internal/service/post.go:73.2,73.44 1 1
github.com/norman6464/devsync/backend/internal/service/post.go:73.44,75.3 1 0
github.com/norman6464/devsync/backend/internal/service/post.go:76.2,76.18 1 1
github.com/norman6464/devsync/backend/internal/service/post.go:80.53,82.16 2 1
github.com/norman6464/devsync/backend/internal/service/post.go:82.16,84.3 1 1
github.com/norman6464/devsync/backend/internal/service/post.go:85.2,85.27 1 1
github.com/norman6464/devsync/backend/internal/service/post.go:85.27,87.3 1 1
github.com/norman6464/devsync/backend/internal/service/post.go:88.2,88.26 1 1
github.com/norman6464/devsync/backend/internal/service/post.go:92.55,94.2 1 0
github.com/norman6464/devsync/backend/internal/service/post.go:97.57,99.2 1 0
github.com/norman6464/devsync/backend/internal/service/post.go:102.58,104.2 1 0
github.com/norman6464/devsync/backend/internal/service/post.go:107.67,109.2 1 0
github.com/norman6464/devsync/backend/internal/service/post.go:112.73,114.2 1 0
github.com/norman6464/devsync/backend/internal/service/post.go:117.60,119.2 1 0
github.com/norman6464/devsync/backend/internal/service/project.go:14.84,16.2 1 1
github.com/norman6464/devsync/backend/internal/service/project.go:19.63,21.2 1 0
github.com/norman6464/devsync/backend/internal/service/project.go:24.67,26.2 1 0
github.com/norman6464/devsync/backend/internal/service/project.go:29.76,31.2 1 0
github.com/norman6464/devsync/backend/internal/service/project.go:34.84,36.2 1 0
github.com/norman6464/devsync/backend/internal/service/project.go:39.84,41.2 1 0
github.com/norman6464/devsync/backend/internal/service/project.go:44.98,46.16 2 1
github.com/norman6464/devsync/backend/internal/service/project.go:46.16,48.3 1 1
github.com/norman6464/devsync/backend/internal/service/project.go:49.2,49.30 1 1
github.com/norman6464/devsync/backend/internal/service/project.go:49.30,51.3 1 1
github.com/norman6464/devsync/backend/internal/service/project.go:53.2,53.25 1 1
github.com/norman6464/devsync/backend/internal/service/project.go:53.25,55.3 1 1
github.com/norman6464/devsync/backend/internal/service/project.go:56.2,56.31 1 1
github.com/norman6464/devsync/backend/internal/service/project.go:56.31,58.3 1 0
github.com/norman6464/devsync/backend/internal/service/project.go:59.2,59.29 1 1
github.com/norman6464/devsync/backend/internal/service/project.go:59.29,61.3 1 1
github.com/norman6464/devsync/backend/internal/service/project.go:62.2,62.27 1 1
github.com/norman6464/devsync/backend/internal/service/project.go:62.27,64.3 1 0
github.com/norman6464/devsync/backend/internal/service/project.go:65.2,65.29 1 1
github.com/norman6464/devsync/backend/internal/service/project.go:65.29,67.3 1 0
github.com/norman6464/devsync/backend/internal/service/project.go:68.2,68.28 1 1
github.com/norman6464/devsync/backend/internal/service/project.go:68.28,70.3 1 0
github.com/norman6464/devsync/backend/internal/service/project.go:71.2,71.24 1 1
github.com/norman6464/devsync/backend/internal/service/project.go:71.24,73.3 1 0
github.com/norman6464/devsync/backend/internal/service/project.go:74.2,74.30 1 1
github.com/norman6464/devsync/backend/internal/service/project.go:74.30,76.3 1 0
github.com/norman6464/devsync/backend/internal/service/project.go:77.2,77.28 1 1
github.com/norman6464/devsync/backend/internal/service/project.go:77.28,79.3 1 0
github.com/norman6464/devsync/backend/internal/service/project.go:80.2,80.33 1 1
github.com/norman6464/devsync/backend/internal/service/project.go:80.33,82.3 1 0
github.com/norman6464/devsync/backend/internal/service/project.go:84.2,84.47 1 1
github.com/norman6464/devsync/backend/internal/service/project.go:84.47,86.3 1 0
github.com/norman6464/devsync/backend/internal/service/project.go:87.2,87.21 1 1
github.com/norman6464/devsync/backend/internal/service/project.go:91.97,93.16 2 1
github.com/norman6464/devsync/backend/internal/service/project.go:93.16,95.3 1 0
github.com/norman6464/devsync/backend/internal/service/project.go:96.2,96.30 1 1
github.com/norman6464/devsync/backend/internal/service/project.go:96.30,98.3 1 1
github.com/norman6464/devsync/backend/internal/service/project.go:100.2,102.47 2 1
github.com/norman6464/devsync/backend/internal/service/project.go:102.47,104.3 1 0
github.com/norman6464/devsync/backend/internal/service/project.go:105.2,105.21 1 1
github.com/norman6464/devsync/backend/internal/service/project.go:109.56,111.16 2 1
github.com/norman6464/devsync/backend/internal/service/project.go:111.16,113.3 1 0
github.com/norman6464/devsync/backend/internal/service/project.go:114.2,114.30 1 1
github.com/norman6464/devsync/backend/internal/service/project.go:114.30,116.3 1 1
github.com/norman6464/devsync/backend/internal/service/project.go:117.2,117.26 1 1
github.com/norman6464/devsync/backend/internal/service/qiita.go:20.128,26.2 1 0
github.com/norman6464/devsync/backend/internal/service/qiita.go:44.85,49.6 4 0
github.com/norman6464/devsync/backend/internal/service/qiita.go:49.6,53.17 3 0
github.com/norman6464/devsync/backend/internal/service/qiita.go:53.17,55.4 1 0
github.com/norman6464/devsync/backend/internal/service/qiita.go:56.3,58.45 2 0
github.com/norman6464/devsync/backend/internal/service/qiita.go:58.45,60.4 1 0
github.com/norman6464/devsync/backend/internal/service/qiita.go:62.3,62.39 1 0
github.com/norman6464/devsync/backend/internal/service/qiita.go:62.39,64.4 1 0
github.com/norman6464/devsync/backend/internal/service/qiita.go:66.3,67.73 2 0
github.com/norman6464/devsync/backend/internal/service/qiita.go:67.73,69.4 1 0
github.com/norman6464/devsync/backend/internal/service/qiita.go:71.3,71.39 1 0
github.com/norman6464/devsync/backend/internal/service/qiita.go:71.39,74.37 2 0
github.com/norman6464/devsync/backend/internal/service/qiita.go:74.37,76.5 1 0
github.com/norman6464/devsync/backend/internal/service/qiita.go:78.4,86.6 1 0
github.com/norman6464/devsync/backend/internal/service/qiita.go:90.3,90.33 1 0
github.com/norman6464/devsync/backend/internal/service/qiita.go:90.33,91.9 1 0
github.com/norman6464/devsync/backend/internal/service/qiita.go:93.3,93.9 1 0
github.com/norman6464/devsync/backend/internal/service/qiita.go:96.2,96.25 1 0
github.com/norman6464/devsync/backend/internal/service/qiita.go:100.72,104.16 3 0
github.com/norman6464/devsync/backend/internal/service/qiita.go:104.16,106.3 1 0
github.com/norman6464/devsync/backend/internal/service/qiita.go:107.2,109.46 2 0
github.com/norman6464/devsync/backend/internal/service/qiita.go:113.75,115.26 2 0
github.com/norman6464/devsync/backend/internal/service/qiita.go:115.26,117.3 1 0
github.com/norman6464/devsync/backend/internal/service/qiita.go:119.2,120.16 2 0
github.com/norman6464/devsync/backend/internal/service/qiita.go:120.16,122.3 1 0
github.com/norman6464/devsync/backend/internal/service/qiita.go:124.2,125.48 2 0
github.com/norman6464/devsync/backend/internal/service/qiita.go:125.48,127.3 1 0
github.com/norman6464/devsync/backend/internal/service/qiita.go:129.2,130.16 2 0
github.com/norman6464/devsync/backend/internal/service/qiita.go:130.16,132.3 1 0
github.com/norman6464/devsync/backend/internal/service/qiita.go:134.2,135.26 2 0
github.com/norman6464/devsync/backend/internal/service/qiita.go:135.26,137.3 1 0
github.com/norman6464/devsync/backend/internal/service/qiita.go:139.2,139.69 1 0
github.com/norman6464/devsync/backend/internal/service/qiita.go:139.69,141.3 1 0
github.com/norman6464/devsync/backend/internal/service/qiita.go:143.2,143.27 1 0
github.com/norman6464/devsync/backend/internal/service/qiita.go:147.54,149.16 2 0
github.com/norman6464/devsync/backend/internal/service/qiita.go:149.16,151.3 1 0
github.com/norman6464/devsync/backend/internal/service/qiita.go:153.2,154.48 2 0
github.com/norman6464/devsync/backend/internal/service/qiita.go:154.48,156.3 1 0
github.com/norman6464/devsync/backend/internal/service/qiita.go:158.2,158.47 1 0
github.com/norman6464/devsync/backend/internal/service/qiita.go:162.55,164.16 2 0
github.com/norman6464/devsync/backend/internal/service/qiita.go:164.16,166.3 1 0
github.com/norman6464/devsync/backend/internal/service/qiita.go:168.2,168.30 1 0
github.com/norman6464/devsync/backend/internal/service/qiita.go:168.30,170.3 1 0
github.com/norman6464/devsync/backend/internal/service/qiita.go:172.2,173.16 2 0
github.com/norman6464/devsync/backend/internal/service/qiita.go:173.16,175.3 1 0
github.com/norman6464/devsync/backend/internal/service/qiita.go:177.2,178.26 2 0
github.com/norman6464/devsync/backend/internal/service/qiita.go:178.26,180.3 1 0
github.com/norman6464/devsync/backend/internal/service/qiita.go:182.2,182.69 1 0
github.com/norman6464/devsync/backend/internal/service/qiita.go:182.69,184.3 1 0
github.com/norman6464/devsync/backend/internal/service/qiita.go:186.2,186.27 1 0
github.com/norman6464/devsync/backend/internal/service/qiita.go:190.79,192.2 1 0
github.com/norman6464/devsync/backend/internal/service/qiita.go:195.73,197.2 1 0
github.com/norman6464/devsync/backend/internal/service/question.go:14.87,16.2 1 1
github.com/norman6464/devsync/backend/internal/service/question.go:19.66,21.2 1 0
github.com/norman6464/devsync/backend/internal/service/question.go:24.104,26.2 1 0
github.com/norman6464/devsync/backend/internal/service/question.go:29.96,31.2 1 0
github.com/norman6464/devsync/backend/internal/service/question.go:34.69,36.2 1 0
github.com/norman6464/devsync/backend/internal/service/question.go:39.78,41.2 1 0
github.com/norman6464/devsync/backend/internal/service/question.go:44.77,46.2 1 0
github.com/norman6464/devsync/backend/internal/service/question.go:49.102,51.16 2 1
github.com/norman6464/devsync/backend/internal/service/question.go:51.16,53.3 1 1
github.com/norman6464/devsync/backend/internal/service/question.go:54.2,54.31 1 1
github.com/norman6464/devsync/backend/internal/service/question.go:54.31,56.3 1 1
github.com/norman6464/devsync/backend/internal/service/question.go:58.2,58.17 1 1
github.com/norman6464/devsync/backend/internal/service/question.go:58.17,60.3 1 1
github.com/norman6464/devsync/backend/internal/service/question.go:61.2,61.16 1 1
github.com/norman6464/devsync/backend/internal/service/question.go:61.16,63.3 1 1
github.com/norman6464/devsync/backend/internal/service/question.go:64.2,64.16 1 1
github.com/norman6464/devsync/backend/internal/service/question.go:64.16,66.3 1 1
github.com/norman6464/devsync/backend/internal/service/question.go:68.2,68.48 1 1
github.com/norman6464/devsync/backend/internal/service/question.go:68.48,70.3 1 0
github.com/norman6464/devsync/backend/internal/service/question.go:71.2,71.22 1 1
github.com/norman6464/devsync/backend/internal/service/question.go:75.57,77.16 2 1
github.com/norman6464/devsync/backend/internal/service/question.go:77.16,79.3 1 0
github.com/norman6464/devsync/backend/internal/service/question.go:80.2,80.31 1 1
github.com/norman6464/devsync/backend/internal/service/question.go:80.31,82.3 1 1
github.com/norman6464/devsync/backend/internal/service/question.go:83.2,83.26 1 1
github.com/norman6464/devsync/backend/internal/service/question.go:87.74,89.2 1 1
github.com/norman6464/devsync/backend/internal/service/question.go:92.69,94.2 1 1
github.com/norman6464/devsync/backend/internal/service/ranking.go:13.84,15.2 1 0
github.com/norman6464/devsync/backend/internal/service/ranking.go:18.96,20.2 1 0
github.com/norman6464/devsync/backend/internal/service/ranking.go:23.102,25.2 1 0
github.com/norman6464/devsync/backend/internal/service/ranking.go:28.65,30.2 1 0
github.com/norman6464/devsync/backend/internal/service/roadmap.go:19.84,21.2 1 1
github.com/norman6464/devsync/backend/internal/service/roadmap.go:24.63,26.2 1 0
github.com/norman6464/devsync/backend/internal/service/roadmap.go:29.75,31.16 2 1
github.com/norman6464/devsync/backend/internal/service/roadmap.go:31.16,33.3 1 1
github.com/norman6464/devsync/backend/internal/service/roadmap.go:34.2,34.51 1 1
github.com/norman6464/devsync/backend/internal/service/roadmap.go:34.51,36.3 1 1
github.com/norman6464/devsync/backend/internal/service/roadmap.go:37.2,37.21 1 1
github.com/norman6464/devsync/backend/internal/service/roadmap.go:41.76,43.2 1 0
github.com/norman6464/devsync/backend/internal/service/roadmap.go:46.95,48.2 1 0
github.com/norman6464/devsync/backend/internal/service/roadmap.go:51.77,53.2 1 0
github.com/norman6464/devsync/backend/internal/service/roadmap.go:56.98,58.16 2 1
github.com/norman6464/devsync/backend/internal/service/roadmap.go:58.16,60.3 1 0
github.com/norman6464/devsync/backend/internal/service/roadmap.go:61.2,61.30 1 1
github.com/norman6464/devsync/backend/internal/service/roadmap.go:61.30,63.3 1 1
github.com/norman6464/devsync/backend/internal/service/roadmap.go:65.2,65.25 1 1
github.com/norman6464/devsync/backend/internal/service/roadmap.go:65.25,67.3 1 1
github.com/norman6464/devsync/backend/internal/service/roadmap.go:68.2,68.31 1 1
github.com/norman6464/devsync/backend/internal/service/roadmap.go:68.31,70.3 1 0
github.com/norman6464/devsync/backend/internal/service/roadmap.go:71.2,71.28 1 1
github.com/norman6464/devsync/backend/internal/service/roadmap.go:71.28,73.3 1 0
github.com/norman6464/devsync/backend/internal/service/roadmap.go:74.2,74.26 1 1
github.com/norman6464/devsync/backend/internal/service/roadmap.go:74.26,76.83 2 1
github.com/norman6464/devsync/backend/internal/service/roadmap.go:76.83,79.4 2 1
github.com/norman6464/devsync/backend/internal/service/roadmap.go:82.2,82.47 1 1
github.com/norman6464/devsync/backend/internal/service/roadmap.go:82.47,84.3 1 0
github.com/norman6464/devsync/backend/internal/service/roadmap.go:85.2,85.21 1 1
github.com/norman6464/devsync/backend/internal/service/roadmap.go:89.99,91.16 2 0
github.com/norman6464/devsync/backend/internal/service/roadmap.go:91.16,93.3 1 0
github.com/norman6464/devsync/backend/internal/service/roadmap.go:94.2,94.30 1 0
github.com/norman6464/devsync/backend/internal/service/roadmap.go:94.30,96.3 1 0
github.com/norman6464/devsync/backend/internal/service/roadmap.go:98.2,100.47 2 0
github.com/norman6464/devsync/backend/internal/service/roadmap.go:100.47,102.3 1 0
github.com/norman6464/devsync/backend/internal/service/roadmap.go:103.2,103.21 1 0
github.com/norman6464/devsync/backend/internal/service/roadmap.go:107.56,109.16 2 1
github.com/norman6464/devsync/backend/internal/service/roadmap.go:109.16,111.3 1 0
github.com/norman6464/devsync/backend/internal/service/roadmap.go:112.2,112.30 1 1
github.com/norman6464/devsync/backend/internal/service/roadmap.go:112.30,114.3 1 1
github.com/norman6464/devsync/backend/internal/service/roadmap.go:115.2,115.26 1 1
github.com/norman6464/devsync/backend/internal/service/roadmap.go:119.86,121.16 2 1
github.com/norman6464/devsync/backend/internal/service/roadmap.go:121.16,123.3 1 0
github.com/norman6464/devsync/backend/internal/service/roadmap.go:124.2,124.53 1 1
github.com/norman6464/devsync/backend/internal/service/roadmap.go:124.53,126.3 1 1
github.com/norman6464/devsync/backend/internal/service/roadmap.go:127.2,127.46 1 1
github.com/norman6464/devsync/backend/internal/service/roadmap.go:131.92,133.16 2 0
github.com/norman6464/devsync/backend/internal/service/roadmap.go:133.16,135.3 1 0
github.com/norman6464/devsync/backend/internal/service/roadmap.go:136.2,136.30 1 0
github.com/norman6464/devsync/backend/internal/service/roadmap.go:136.30,138.3 1 0
github.com/norman6464/devsync/backend/internal/service/roadmap.go:140.2,141.32 2 0
github.com/norman6464/devsync/backend/internal/service/roadmap.go:145.125,147.16 2 1
github.com/norman6464/devsync/backend/internal/service/roadmap.go:147.16,149.3 1 0
github.com/norman6464/devsync/backend/internal/service/roadmap.go:150.2,150.30 1 1
github.com/norman6464/devsync/backend/internal/service/roadmap.go:150.30,152.3 1 1
github.com/norman6464/devsync/backend/internal/service/roadmap.go:154.2,155.16 2 1
github.com/norman6464/devsync/backend/internal/service/roadmap.go:155.16,157.3 1 0
github.com/norman6464/devsync/backend/internal/service/roadmap.go:158.2,158.33 1 1
github.com/norman6464/devsync/backend/internal/service/roadmap.go:158.33,160.3 1 1
github.com/norman6464/devsync/backend/internal/service/roadmap.go:162.2,162.25 1 1
github.com/norman6464/devsync/backend/internal/service/roadmap.go:162.25,164.3 1 1
github.com/norman6464/devsync/backend/internal/service/roadmap.go:165.2,165.31 1 1
github.com/norman6464/devsync/backend/internal/service/roadmap.go:165.31,167.3 1 0
github.com/norman6464/devsync/backend/internal/service/roadmap.go:168.2,168.31 1 1
github.com/norman6464/devsync/backend/internal/service/roadmap.go:168.31,170.3 1 0
github.com/norman6464/devsync/backend/internal/service/roadmap.go:172.2,172.48 1 1
github.com/norman6464/devsync/backend/internal/service/roadmap.go:172.48,174.3 1 0
github.com/norman6464/devsync/backend/internal/service/roadmap.go:175.2,175.18 1 1
github.com/norman6464/devsync/backend/internal/service/roadmap.go:179.125,181.16 2 1
github.com/norman6464/devsync/backend/internal/service/roadmap.go:181.16,183.3 1 0
github.com/norman6464/devsync/backend/internal/service/roadmap.go:184.2,184.30 1 1
github.com/norman6464/devsync/backend/internal/service/roadmap.go:184.30,186.3 1 0
github.com/norman6464/devsync/backend/internal/service/roadmap.go:188.2,189.16 2 1
github.com/norman6464/devsync/backend/internal/service/roadmap.go:189.16,191.3 1 0
github.com/norman6464/devsync/backend/internal/service/roadmap.go:192.2,192.33 1 1
github.com/norman6464/devsync/backend/internal/service/roadmap.go:192.33,194.3 1 0
github.com/norman6464/devsync/backend/internal/service/roadmap.go:196.2,197.44 2 1
github.com/norman6464/devsync/backend/internal/service/roadmap.go:197.44,200.3 2 1
github.com/norman6464/devsync/backend/internal/service/roadmap.go:200.8,200.25 1 1
github.com/norman6464/devsync/backend/internal/service/roadmap.go:200.25,202.3 1 1
github.com/norman6464/devsync/backend/internal/service/roadmap.go:204.2,204.48 1 1
github.com/norman6464/devsync/backend/internal/service/roadmap.go:204.48,206.3 1 0
github.com/norman6464/devsync/backend/internal/service/roadmap.go:207.2,207.18 1 1
github.com/norman6464/devsync/backend/internal/service/roadmap.go:211.75,213.16 2 1
github.com/norman6464/devsync/backend/internal/service/roadmap.go:213.16,215.3 1 0
github.com/norman6464/devsync/backend/internal/service/roadmap.go:216.2,216.30 1 1
github.com/norman6464/devsync/backend/internal/service/roadmap.go:216.30,218.3 1 0
github.com/norman6464/devsync/backend/internal/service/roadmap.go:220.2,221.16 2 1
github.com/norman6464/devsync/backend/internal/service/roadmap.go:221.16,223.3 1 0
github.com/norman6464/devsync/backend/internal/service/roadmap.go:224.2,224.33 1 1
github.com/norman6464/devsync/backend/internal/service/roadmap.go:224.33,226.3 1 1
github.com/norman6464/devsync/backend/internal/service/roadmap.go:228.2,228.34 1 1
github.com/norman6464/devsync/backend/internal/service/roadmap.go:232.100,234.16 2 0
github.com/norman6464/devsync/backend/internal/service/roadmap.go:234.16,236.3 1 0
github.com/norman6464/devsync/backend/internal/service/roadmap.go:237.2,237.30 1 0
github.com/norman6464/devsync/backend/internal/service/roadmap.go:237.30,239.3 1 0
github.com/norman6464/devsync/backend/internal/service/roadmap.go:240.2,240.47 1 0
github.com/norman6464/devsync/backend/internal/service/user.go:14.75,16.2 1 1
github.com/norman6464/devsync/backend/internal/service/user.go:19.66,20.17 1 1
github.com/norman6464/devsync/backend/internal/service/user.go:20.17,22.3 1 1
github.com/norman6464/devsync/backend/internal/service/user.go:23.2,23.25 1 1
github.com/norman6464/devsync/backend/internal/service/user.go:27.61,29.2 1 1
github.com/norman6464/devsync/backend/internal/service/user.go:32.62,34.2 1 0
github.com/norman6464/devsync/backend/internal/service/user.go:37.54,39.2 1 1
github.com/norman6464/devsync/backend/internal/service/websocket.go:35.20,41.2 1 1
github.com/norman6464/devsync/backend/internal/service/websocket.go:43.21,44.6 1 0
github.com/norman6464/devsync/backend/internal/service/websocket.go:44.6,45.10 1 0
github.com/norman6464/devsync/backend/internal/service/websocket.go:46.31,49.17 3 0
github.com/norman6464/devsync/backend/internal/service/websocket.go:51.33,53.45 2 0
github.com/norman6464/devsync/backend/internal/service/websocket.go:53.45,56.5 2 0
github.com/norman6464/devsync/backend/internal/service/websocket.go:57.4,57.17 1 0
github.com/norman6464/devsync/backend/internal/service/websocket.go:62.40,64.2 1 0
github.com/norman6464/devsync/backend/internal/service/websocket.go:66.42,68.2 1 0
github.com/norman6464/devsync/backend/internal/service/websocket.go:70.55,74.8 4 0
github.com/norman6464/devsync/backend/internal/service/websocket.go:74.8,75.10 1 0
github.com/norman6464/devsync/backend/internal/service/websocket.go:76.31,76.31 0 0
github.com/norman6464/devsync/backend/internal/service/websocket.go:77.11,78.26 1 0
github.com/norman6464/devsync/backend/internal/service/websocket.go:83.70,84.29 1 0
github.com/norman6464/devsync/backend/internal/service/websocket.go:84.29,86.3 1 0
github.com/norman6464/devsync/backend/internal/service/websocket.go:87.2,88.37 2 0
github.com/norman6464/devsync/backend/internal/service/websocket.go:88.37,89.27 1 0
github.com/norman6464/devsync/backend/internal/service/websocket.go:89.27,91.4 1 0
github.com/norman6464/devsync/backend/internal/service/websocket.go:95.29,96.15 1 0
github.com/norman6464/devsync/backend/internal/service/websocket.go:96.15,99.3 2 0
github.com/norman6464/devsync/backend/internal/service/websocket.go:101.2,101.6 1 0
github.com/norman6464/devsync/backend/internal/service/websocket.go:101.6,103.17 2 0
github.com/norman6464/devsync/backend/internal/service/websocket.go:103.17,104.9 1 0
github.com/norman6464/devsync/backend/internal/service/websocket.go:107.3,108.55 2 0
github.com/norman6464/devsync/backend/internal/service/websocket.go:108.55,109.12 1 0
github.com/norman6464/devsync/backend/internal/service/websocket.go:111.3,114.52 3 0
github.com/norman6464/devsync/backend/internal/service/websocket.go:114.52,116.4 1 0
github.com/norman6464/devsync/backend/internal/service/websocket.go:116.9,118.4 1 0
github.com/norman6464/devsync/backend/internal/service/websocket.go:122.30,125.30 2 0
github.com/norman6464/devsync/backend/internal/service/websocket.go:125.30,126.77 1 0
github.com/norman6464/devsync/backend/internal/service/websocket.go:126.77,129.4 2 0
github.com/norman6464/devsync/backend/internal/service/zenn.go:19.124,25.2 1 0
github.com/norman6464/devsync/backend/internal/service/zenn.go:46.83,50.6 3 0
github.com/norman6464/devsync/backend/internal/service/zenn.go:50.6,54.17 3 0
github.com/norman6464/devsync/backend/internal/service/zenn.go:54.17,56.4 1 0
github.com/norman6464/devsync/backend/internal/service/zenn.go:57.3,59.39 2 0
github.com/norman6464/devsync/backend/internal/service/zenn.go:59.39,61.4 1 0
github.com/norman6464/devsync/backend/internal/service/zenn.go:63.3,64.69 2 0
github.com/norman6464/devsync/backend/internal/service/zenn.go:64.69,66.4 1 0
github.com/norman6464/devsync/backend/internal/service/zenn.go:68.3,68.44 1 0
github.com/norman6464/devsync/backend/internal/service/zenn.go:68.44,79.4 1 0
github.com/norman6464/devsync/backend/internal/service/zenn.go:82.3,82.30 1 0
github.com/norman6464/devsync/backend/internal/service/zenn.go:82.30,83.9 1 0
github.com/norman6464/devsync/backend/internal/service/zenn.go:85.3,85.27 1 0
github.com/norman6464/devsync/backend/internal/service/zenn.go:88.2,88.25 1 0
github.com/norman6464/devsync/backend/internal/service/zenn.go:92.71,96.16 3 0
github.com/norman6464/devsync/backend/internal/service/zenn.go:96.16,98.3 1 0
github.com/norman6464/devsync/backend/internal/service/zenn.go:99.2,101.46 2 0
github.com/norman6464/devsync/backend/internal/service/zenn.go:105.74,107.26 2 0
github.com/norman6464/devsync/backend/internal/service/zenn.go:107.26,109.3 1 0
github.com/norman6464/devsync/backend/internal/service/zenn.go:111.2,112.16 2 0
github.com/norman6464/devsync/backend/internal/service/zenn.go:112.16,114.3 1 0
github.com/norman6464/devsync/backend/internal/service/zenn.go:116.2,117.48 2 0
github.com/norman6464/devsync/backend/internal/service/zenn.go:117.48,119.3 1 0
github.com/norman6464/devsync/backend/internal/service/zenn.go:121.2,122.16 2 0
github.com/norman6464/devsync/backend/internal/service/zenn.go:122.16,124.3 1 0
github.com/norman6464/devsync/backend/internal/service/zenn.go:126.2,127.26 2 0
github.com/norman6464/devsync/backend/internal/service/zenn.go:127.26,129.3 1 0
github.com/norman6464/devsync/backend/internal/service/zenn.go:131.2,131.68 1 0
github.com/norman6464/devsync/backend/internal/service/zenn.go:131.68,133.3 1 0
github.com/norman6464/devsync/backend/internal/service/zenn.go:135.2,135.27 1 0
github.com/norman6464/devsync/backend/internal/service/zenn.go:139.53,141.16 2 0
github.com/norman6464/devsync/backend/internal/service/zenn.go:141.16,143.3 1 0
github.com/norman6464/devsync/backend/internal/service/zenn.go:145.2,146.48 2 0
github.com/norman6464/devsync/backend/internal/service/zenn.go:146.48,148.3 1 0
github.com/norman6464/devsync/backend/internal/service/zenn.go:150.2,150.46 1 0
github.com/norman6464/devsync/backend/internal/service/zenn.go:154.54,156.16 2 0
github.com/norman6464/devsync/backend/internal/service/zenn.go:156.16,158.3 1 0
github.com/norman6464/devsync/backend/internal/service/zenn.go:160.2,160.29 1 0
github.com/norman6464/devsync/backend/internal/service/zenn.go:160.29,162.3 1 0
github.com/norman6464/devsync/backend/internal/service/zenn.go:164.2,165.16 2 0
github.com/norman6464/devsync/backend/internal/service/zenn.go:165.16,167.3 1 0
github.com/norman6464/devsync/backend/internal/service/zenn.go:169.2,170.26 2 0
github.com/norman6464/devsync/backend/internal/service/zenn.go:170.26,172.3 1 0
github.com/norman6464/devsync/backend/internal/service/zenn.go:174.2,174.68 1 0
github.com/norman6464/devsync/backend/internal/service/zenn.go:174.68,176.3 1 0
github.com/norman6464/devsync/backend/internal/service/zenn.go:178.2,178.27 1 0
github.com/norman6464/devsync/backend/internal/service/zenn.go:182.77,184.2 1 0
github.com/norman6464/devsync/backend/internal/service/zenn.go:187.71,189.2 1 0
